// Jest Snapshot v1, https://goo.gl/fbAQLP

exports[`ColorPicker component renders correctly 1`] = `
Object {
  "asFragment": [Function],
  "baseElement": <body>
    <div>
      <div
        class="color_section"
      >
        <div
          class="color_section_colors"
        >
          <h4>
             
            Primary
             
          </h4>
          <div
            style="display: flex;"
          >
            <input
              name="primaryColor"
              type="color"
              value="#000000"
            />
          </div>
          <input
            class="hex-code"
            name="primaryColor"
            placeholder="#000000"
            type="text"
            value="#000000"
          />
        </div>
        <div
          class="color_section_colors"
        >
          <h4>
             
            Secondary
             
          </h4>
          <div
            style="display: flex;"
          >
            <input
              name="secondaryColor"
              type="color"
              value="#FFFFFF"
            />
          </div>
          <input
            class="hex-code"
            name="secondaryColor"
            placeholder="#FFFFFF"
            type="text"
            value="#FFFFFF"
          />
        </div>
      </div>
    </div>
  </body>,
  "container": <div>
    <div
      class="color_section"
    >
      <div
        class="color_section_colors"
      >
        <h4>
           
          Primary
           
        </h4>
        <div
          style="display: flex;"
        >
          <input
            name="primaryColor"
            type="color"
            value="#000000"
          />
        </div>
        <input
          class="hex-code"
          name="primaryColor"
          placeholder="#000000"
          type="text"
          value="#000000"
        />
      </div>
      <div
        class="color_section_colors"
      >
        <h4>
           
          Secondary
           
        </h4>
        <div
          style="display: flex;"
        >
          <input
            name="secondaryColor"
            type="color"
            value="#FFFFFF"
          />
        </div>
        <input
          class="hex-code"
          name="secondaryColor"
          placeholder="#FFFFFF"
          type="text"
          value="#FFFFFF"
        />
      </div>
    </div>
  </div>,
  "debug": [Function],
  "findAllByAltText": [Function],
  "findAllByDisplayValue": [Function],
  "findAllByLabelText": [Function],
  "findAllByPlaceholderText": [Function],
  "findAllByRole": [Function],
  "findAllByTestId": [Function],
  "findAllByText": [Function],
  "findAllByTitle": [Function],
  "findByAltText": [Function],
  "findByDisplayValue": [Function],
  "findByLabelText": [Function],
  "findByPlaceholderText": [Function],
  "findByRole": [Function],
  "findByTestId": [Function],
  "findByText": [Function],
  "findByTitle": [Function],
  "getAllByAltText": [Function],
  "getAllByDisplayValue": [Function],
  "getAllByLabelText": [Function],
  "getAllByPlaceholderText": [Function],
  "getAllByRole": [Function],
  "getAllByTestId": [Function],
  "getAllByText": [Function],
  "getAllByTitle": [Function],
  "getByAltText": [Function],
  "getByDisplayValue": [Function],
  "getByLabelText": [Function],
  "getByPlaceholderText": [Function],
  "getByRole": [Function],
  "getByTestId": [Function],
  "getByText": [Function],
  "getByTitle": [Function],
  "queryAllByAltText": [Function],
  "queryAllByDisplayValue": [Function],
  "queryAllByLabelText": [Function],
  "queryAllByPlaceholderText": [Function],
  "queryAllByRole": [Function],
  "queryAllByTestId": [Function],
  "queryAllByText": [Function],
  "queryAllByTitle": [Function],
  "queryByAltText": [Function],
  "queryByDisplayValue": [Function],
  "queryByLabelText": [Function],
  "queryByPlaceholderText": [Function],
  "queryByRole": [Function],
  "queryByTestId": [Function],
  "queryByText": [Function],
  "queryByTitle": [Function],
  "rerender": [Function],
  "unmount": [Function],
}
`;
